
0 to 99: 0 0 1 2 3 13 23 22 32 31 41 40 50 60 61 62 52 53 43 44 34 35 25 26 16 6 7 8 18 28 38 37 47 46 56 55 65 64 74 73 83 93 94 95 85 86 76 77 67 68 69 79 89 99 