
14 to 224: 14 13 12 11 10 9 8 7 6 5 4 3 2 1 0 15 30 31 32 33 34 35 36 37 38 39 40 41 42 43 44 59 74 73 72 71 70 69 68 67 66 65 64 63 62 61 60 75 90 91 92 93 94 95 96 97 98 99 100 101 102 103 104 119 134 133 132 131 130 129 128 127 126 125 124 123 122 121 120 135 150 151 152 153 154 155 156 157 158 159 160 161 162 163 164 179 194 193 192 191 190 189 188 187 186 185 184 183 182 181 180 195 210 211 212 213 214 215 216 217 218 219 220 221 222 223 224 